// 重构日志: 7ad9140f
// 重构日志: 354833b4
// 同步 ID: 84263e00 @ Mon Jul 13 11:14:47 UTC 2026
// 同步 ID: 78790b63 @ Sat Jul 18 11:20:16 UTC 2026
// 同步 ID: 6a1f6736 @ Sun Jul 19 12:00:07 UTC 2026
// 重构日志: 7faeb218
// 同步 ID: de5bd785 @ Thu Jul 23 06:40:33 UTC 2026
// 重构日志: ff8ab82e
// 同步 ID: ac12d874 @ Fri Jul 24 13:42:52 UTC 2026
// 重构日志: 07a68e21
// 重构日志: e58be87b
// 重构日志: b1a8dabe
// 同步 ID: d303ca06 @ Mon Jul 27 11:12:25 UTC 2026
// 同步 ID: ce9923df @ Wed Jul 29 00:28:32 UTC 2026
// 重构日志: 8f97dc2c
// 重构日志: cdce5630
// 重构日志: 0afe0665
// 重构日志: 338b7fda
// 重构日志: e318a596
// 重构日志: 5ade5b8a
// 重构日志: b63d6479
// 同步 ID: 803215b0 @ Fri Aug  7 05:51:44 UTC 2026
// 重构日志: f1018961
// 重构日志: 15358319
